/home/gil/Documents/GitHub/C562RE_Book_First_Edition/Shared/RTT/SEGGER_RTT.c:298:13:_DoInit	16	static,ignoring_inline_asm
/home/gil/Documents/GitHub/C562RE_Book_First_Edition/Shared/RTT/SEGGER_RTT.c:358:17:_WriteBlocking	48	static,ignoring_inline_asm
/home/gil/Documents/GitHub/C562RE_Book_First_Edition/Shared/RTT/SEGGER_RTT.c:420:13:_WriteNoCheck	40	static,ignoring_inline_asm
/home/gil/Documents/GitHub/C562RE_Book_First_Edition/Shared/RTT/SEGGER_RTT.c:488:13:_PostTerminalSwitch	24	static
/home/gil/Documents/GitHub/C562RE_Book_First_Edition/Shared/RTT/SEGGER_RTT.c:510:17:_GetAvailWriteSpace	32	static
/home/gil/Documents/GitHub/C562RE_Book_First_Edition/Shared/RTT/SEGGER_RTT.c:557:10:SEGGER_RTT_ReadUpBufferNoLock	56	static
/home/gil/Documents/GitHub/C562RE_Book_First_Edition/Shared/RTT/SEGGER_RTT.c:649:10:SEGGER_RTT_ReadNoLock	56	static
/home/gil/Documents/GitHub/C562RE_Book_First_Edition/Shared/RTT/SEGGER_RTT.c:746:10:SEGGER_RTT_ReadUpBuffer	32	static,ignoring_inline_asm
/home/gil/Documents/GitHub/C562RE_Book_First_Edition/Shared/RTT/SEGGER_RTT.c:778:10:SEGGER_RTT_Read	32	static,ignoring_inline_asm
/home/gil/Documents/GitHub/C562RE_Book_First_Edition/Shared/RTT/SEGGER_RTT.c:817:6:SEGGER_RTT_WriteWithOverwriteNoLock	40	static,ignoring_inline_asm
/home/gil/Documents/GitHub/C562RE_Book_First_Edition/Shared/RTT/SEGGER_RTT.c:1008:10:SEGGER_RTT_WriteDownBufferNoLock	40	static
/home/gil/Documents/GitHub/C562RE_Book_First_Edition/Shared/RTT/SEGGER_RTT.c:1083:10:SEGGER_RTT_WriteNoLock	40	static
/home/gil/Documents/GitHub/C562RE_Book_First_Edition/Shared/RTT/SEGGER_RTT.c:1159:10:SEGGER_RTT_WriteDownBuffer	40	static,ignoring_inline_asm
/home/gil/Documents/GitHub/C562RE_Book_First_Edition/Shared/RTT/SEGGER_RTT.c:1188:10:SEGGER_RTT_Write	40	static,ignoring_inline_asm
/home/gil/Documents/GitHub/C562RE_Book_First_Edition/Shared/RTT/SEGGER_RTT.c:1218:10:SEGGER_RTT_WriteString	24	static
/home/gil/Documents/GitHub/C562RE_Book_First_Edition/Shared/RTT/SEGGER_RTT.c:1248:10:SEGGER_RTT_PutCharSkipNoLock	32	static,ignoring_inline_asm
/home/gil/Documents/GitHub/C562RE_Book_First_Edition/Shared/RTT/SEGGER_RTT.c:1298:10:SEGGER_RTT_PutCharSkip	40	static,ignoring_inline_asm
/home/gil/Documents/GitHub/C562RE_Book_First_Edition/Shared/RTT/SEGGER_RTT.c:1357:10:SEGGER_RTT_PutChar	40	static,ignoring_inline_asm
/home/gil/Documents/GitHub/C562RE_Book_First_Edition/Shared/RTT/SEGGER_RTT.c:1420:5:SEGGER_RTT_GetKey	16	static
/home/gil/Documents/GitHub/C562RE_Book_First_Edition/Shared/RTT/SEGGER_RTT.c:1448:5:SEGGER_RTT_WaitKey	16	static
/home/gil/Documents/GitHub/C562RE_Book_First_Edition/Shared/RTT/SEGGER_RTT.c:1471:5:SEGGER_RTT_HasKey	24	static
/home/gil/Documents/GitHub/C562RE_Book_First_Edition/Shared/RTT/SEGGER_RTT.c:1499:10:SEGGER_RTT_HasData	24	static
/home/gil/Documents/GitHub/C562RE_Book_First_Edition/Shared/RTT/SEGGER_RTT.c:1520:10:SEGGER_RTT_HasDataUp	24	static
/home/gil/Documents/GitHub/C562RE_Book_First_Edition/Shared/RTT/SEGGER_RTT.c:1549:5:SEGGER_RTT_AllocDownBuffer	40	static,ignoring_inline_asm
/home/gil/Documents/GitHub/C562RE_Book_First_Edition/Shared/RTT/SEGGER_RTT.c:1598:5:SEGGER_RTT_AllocUpBuffer	40	static,ignoring_inline_asm
/home/gil/Documents/GitHub/C562RE_Book_First_Edition/Shared/RTT/SEGGER_RTT.c:1653:5:SEGGER_RTT_ConfigUpBuffer	48	static,ignoring_inline_asm
/home/gil/Documents/GitHub/C562RE_Book_First_Edition/Shared/RTT/SEGGER_RTT.c:1705:5:SEGGER_RTT_ConfigDownBuffer	48	static,ignoring_inline_asm
/home/gil/Documents/GitHub/C562RE_Book_First_Edition/Shared/RTT/SEGGER_RTT.c:1748:5:SEGGER_RTT_SetNameUpBuffer	40	static,ignoring_inline_asm
/home/gil/Documents/GitHub/C562RE_Book_First_Edition/Shared/RTT/SEGGER_RTT.c:1783:5:SEGGER_RTT_SetNameDownBuffer	40	static,ignoring_inline_asm
/home/gil/Documents/GitHub/C562RE_Book_First_Edition/Shared/RTT/SEGGER_RTT.c:1819:5:SEGGER_RTT_SetFlagsUpBuffer	40	static,ignoring_inline_asm
/home/gil/Documents/GitHub/C562RE_Book_First_Edition/Shared/RTT/SEGGER_RTT.c:1855:5:SEGGER_RTT_SetFlagsDownBuffer	40	static,ignoring_inline_asm
/home/gil/Documents/GitHub/C562RE_Book_First_Edition/Shared/RTT/SEGGER_RTT.c:1883:6:SEGGER_RTT_Init	8	static
/home/gil/Documents/GitHub/C562RE_Book_First_Edition/Shared/RTT/SEGGER_RTT.c:1904:5:SEGGER_RTT_SetTerminal	40	static,ignoring_inline_asm
/home/gil/Documents/GitHub/C562RE_Book_First_Edition/Shared/RTT/SEGGER_RTT.c:1953:5:SEGGER_RTT_TerminalOut	40	static,ignoring_inline_asm
/home/gil/Documents/GitHub/C562RE_Book_First_Edition/Shared/RTT/SEGGER_RTT.c:2041:10:SEGGER_RTT_GetAvailWriteSpace	24	static
/home/gil/Documents/GitHub/C562RE_Book_First_Edition/Shared/RTT/SEGGER_RTT.c:2062:10:SEGGER_RTT_GetBytesInBuffer	32	static
