/home/gil/Documents/GitHub/C562RE_Book_First_Edition/I3C_Target/I3C_Target_cmake/arch/cmsis/CMSIS/Core/Include/core_cm33.h:2340:22:__NVIC_SetPriorityGrouping	24	static
/home/gil/Documents/GitHub/C562RE_Book_First_Edition/I3C_Target/I3C_Target_cmake/arch/cmsis/CMSIS/Core/Include/core_cm33.h:2359:26:__NVIC_GetPriorityGrouping	4	static
/home/gil/Documents/GitHub/C562RE_Book_First_Edition/I3C_Target/I3C_Target_cmake/arch/cmsis/CMSIS/Core/Include/core_cm33.h:2371:22:__NVIC_EnableIRQ	16	static,ignoring_inline_asm
/home/gil/Documents/GitHub/C562RE_Book_First_Edition/I3C_Target/I3C_Target_cmake/arch/cmsis/CMSIS/Core/Include/core_cm33.h:2390:26:__NVIC_GetEnableIRQ	16	static
/home/gil/Documents/GitHub/C562RE_Book_First_Edition/I3C_Target/I3C_Target_cmake/arch/cmsis/CMSIS/Core/Include/core_cm33.h:2409:22:__NVIC_DisableIRQ	16	static,ignoring_inline_asm
/home/gil/Documents/GitHub/C562RE_Book_First_Edition/I3C_Target/I3C_Target_cmake/arch/cmsis/CMSIS/Core/Include/core_cm33.h:2428:26:__NVIC_GetPendingIRQ	16	static
/home/gil/Documents/GitHub/C562RE_Book_First_Edition/I3C_Target/I3C_Target_cmake/arch/cmsis/CMSIS/Core/Include/core_cm33.h:2447:22:__NVIC_SetPendingIRQ	16	static
/home/gil/Documents/GitHub/C562RE_Book_First_Edition/I3C_Target/I3C_Target_cmake/arch/cmsis/CMSIS/Core/Include/core_cm33.h:2462:22:__NVIC_ClearPendingIRQ	16	static
/home/gil/Documents/GitHub/C562RE_Book_First_Edition/I3C_Target/I3C_Target_cmake/arch/cmsis/CMSIS/Core/Include/core_cm33.h:2479:26:__NVIC_GetActive	16	static
/home/gil/Documents/GitHub/C562RE_Book_First_Edition/I3C_Target/I3C_Target_cmake/arch/cmsis/CMSIS/Core/Include/core_cm33.h:2568:22:__NVIC_SetPriority	16	static
/home/gil/Documents/GitHub/C562RE_Book_First_Edition/I3C_Target/I3C_Target_cmake/arch/cmsis/CMSIS/Core/Include/core_cm33.h:2590:26:__NVIC_GetPriority	16	static
/home/gil/Documents/GitHub/C562RE_Book_First_Edition/I3C_Target/I3C_Target_cmake/arch/cmsis/CMSIS/Core/Include/core_cm33.h:2615:26:NVIC_EncodePriority	40	static
/home/gil/Documents/GitHub/C562RE_Book_First_Edition/I3C_Target/I3C_Target_cmake/arch/cmsis/CMSIS/Core/Include/core_cm33.h:2642:22:NVIC_DecodePriority	40	static
/home/gil/Documents/GitHub/C562RE_Book_First_Edition/I3C_Target/I3C_Target_cmake/arch/cmsis/CMSIS/Core/Include/core_cm33.h:2692:34:__NVIC_SystemReset	4	static,ignoring_inline_asm
/home/gil/Documents/GitHub/C562RE_Book_First_Edition/I3C_Target/I3C_Target_cmake/arch/cmsis/CMSIS/Core/Include/m-profile/armv8m_mpu.h:199:22:ARM_MPU_Enable	16	static,ignoring_inline_asm
/home/gil/Documents/GitHub/C562RE_Book_First_Edition/I3C_Target/I3C_Target_cmake/arch/cmsis/CMSIS/Core/Include/m-profile/armv8m_mpu.h:212:22:ARM_MPU_Disable	4	static,ignoring_inline_asm
/home/gil/Documents/GitHub/C562RE_Book_First_Edition/I3C_Target/I3C_Target_cmake/arch/cmsis/CMSIS/Core/Include/m-profile/armv8m_mpu.h:257:22:ARM_MPU_SetMemAttrEx	32	static
/home/gil/Documents/GitHub/C562RE_Book_First_Edition/I3C_Target/I3C_Target_cmake/arch/cmsis/CMSIS/Core/Include/m-profile/armv8m_mpu.h:274:22:ARM_MPU_SetMemAttr	16	static
/home/gil/Documents/GitHub/C562RE_Book_First_Edition/I3C_Target/I3C_Target_cmake/arch/cmsis/CMSIS/Core/Include/m-profile/armv8m_mpu.h:324:22:ARM_MPU_SetRegionEx	24	static
/home/gil/Documents/GitHub/C562RE_Book_First_Edition/I3C_Target/I3C_Target_cmake/arch/cmsis/CMSIS/Core/Include/m-profile/armv8m_mpu.h:336:22:ARM_MPU_SetRegion	24	static
/home/gil/Documents/GitHub/C562RE_Book_First_Edition/I3C_Target/I3C_Target_cmake/stm32c5xx_dfp/Include/stm32c5xx.h:359:22:SCB_EnableFault	16	static
/home/gil/Documents/GitHub/C562RE_Book_First_Edition/I3C_Target/I3C_Target_cmake/stm32c5xx_dfp/Include/stm32c5xx.h:373:22:SCB_DisableFault	16	static
/home/gil/Documents/GitHub/C562RE_Book_First_Edition/I3C_Target/I3C_Target_cmake/stm32c5xx_dfp/Include/stm32c5xx.h:405:22:SysTick_SetClkSource	16	static
/home/gil/Documents/GitHub/C562RE_Book_First_Edition/I3C_Target/I3C_Target_cmake/stm32c5xx_dfp/Include/stm32c5xx.h:422:26:SysTick_GetClkSource	4	static
/home/gil/Documents/GitHub/C562RE_Book_First_Edition/I3C_Target/I3C_Target_cmake/stm32c5xx_dfp/Include/stm32c5xx.h:441:22:SysTick_EnableIT	4	static
/home/gil/Documents/GitHub/C562RE_Book_First_Edition/I3C_Target/I3C_Target_cmake/stm32c5xx_dfp/Include/stm32c5xx.h:450:22:SysTick_DisableIT	4	static
/home/gil/Documents/GitHub/C562RE_Book_First_Edition/I3C_Target/I3C_Target_cmake/stm32c5xx_dfp/Include/stm32c5xx.h:468:22:SysTick_Enable	4	static
/home/gil/Documents/GitHub/C562RE_Book_First_Edition/I3C_Target/I3C_Target_cmake/stm32c5xx_dfp/Include/stm32c5xx.h:497:26:SysTick_SetReload	16	static
/home/gil/Documents/GitHub/C562RE_Book_First_Edition/I3C_Target/I3C_Target_cmake/stm32c5xx_dfp/Include/stm32c5xx.h:514:22:SysTick_SetCounter	16	static
/home/gil/Documents/GitHub/C562RE_Book_First_Edition/I3C_Target/I3C_Target_cmake/stm32c5xx_drivers/hal/stm32c5xx_hal_cortex.c:350:6:HAL_CORTEX_NVIC_SetPriorityGrouping	16	static
/home/gil/Documents/GitHub/C562RE_Book_First_Edition/I3C_Target/I3C_Target_cmake/stm32c5xx_drivers/hal/stm32c5xx_hal_cortex.c:361:34:HAL_CORTEX_NVIC_GetPriorityGrouping	8	static
/home/gil/Documents/GitHub/C562RE_Book_First_Edition/I3C_Target/I3C_Target_cmake/stm32c5xx_drivers/hal/stm32c5xx_hal_cortex.c:377:6:HAL_CORTEX_NVIC_SetPriority	16	static
/home/gil/Documents/GitHub/C562RE_Book_First_Edition/I3C_Target/I3C_Target_cmake/stm32c5xx_drivers/hal/stm32c5xx_hal_cortex.c:400:6:HAL_CORTEX_NVIC_GetPriority	40	static
/home/gil/Documents/GitHub/C562RE_Book_First_Edition/I3C_Target/I3C_Target_cmake/stm32c5xx_drivers/hal/stm32c5xx_hal_cortex.c:424:6:HAL_CORTEX_NVIC_EnableIRQ	16	static
/home/gil/Documents/GitHub/C562RE_Book_First_Edition/I3C_Target/I3C_Target_cmake/stm32c5xx_drivers/hal/stm32c5xx_hal_cortex.c:438:6:HAL_CORTEX_NVIC_DisableIRQ	16	static
/home/gil/Documents/GitHub/C562RE_Book_First_Edition/I3C_Target/I3C_Target_cmake/stm32c5xx_drivers/hal/stm32c5xx_hal_cortex.c:453:30:HAL_CORTEX_NVIC_IsEnabledIRQ	16	static
/home/gil/Documents/GitHub/C562RE_Book_First_Edition/I3C_Target/I3C_Target_cmake/stm32c5xx_drivers/hal/stm32c5xx_hal_cortex.c:469:37:HAL_CORTEX_NVIC_IsActiveIRQ	16	static
/home/gil/Documents/GitHub/C562RE_Book_First_Edition/I3C_Target/I3C_Target_cmake/stm32c5xx_drivers/hal/stm32c5xx_hal_cortex.c:483:6:HAL_CORTEX_NVIC_SetPendingIRQ	16	static
/home/gil/Documents/GitHub/C562RE_Book_First_Edition/I3C_Target/I3C_Target_cmake/stm32c5xx_drivers/hal/stm32c5xx_hal_cortex.c:497:6:HAL_CORTEX_NVIC_ClearPendingIRQ	16	static
/home/gil/Documents/GitHub/C562RE_Book_First_Edition/I3C_Target/I3C_Target_cmake/stm32c5xx_drivers/hal/stm32c5xx_hal_cortex.c:513:38:HAL_CORTEX_NVIC_IsPendingIRQ	16	static
/home/gil/Documents/GitHub/C562RE_Book_First_Edition/I3C_Target/I3C_Target_cmake/stm32c5xx_drivers/hal/stm32c5xx_hal_cortex.c:523:18:HAL_CORTEX_NVIC_SystemReset	8	static
/home/gil/Documents/GitHub/C562RE_Book_First_Edition/I3C_Target/I3C_Target_cmake/stm32c5xx_drivers/hal/stm32c5xx_hal_cortex.c:548:14:HAL_CORTEX_SYSTICK_SetFreq	24	static
/home/gil/Documents/GitHub/C562RE_Book_First_Edition/I3C_Target/I3C_Target_cmake/stm32c5xx_drivers/hal/stm32c5xx_hal_cortex.c:597:6:HAL_CORTEX_SYSTICK_SetClkSource	16	static
/home/gil/Documents/GitHub/C562RE_Book_First_Edition/I3C_Target/I3C_Target_cmake/stm32c5xx_drivers/hal/stm32c5xx_hal_cortex.c:609:6:HAL_CORTEX_SYSTICK_Suspend	8	static
/home/gil/Documents/GitHub/C562RE_Book_First_Edition/I3C_Target/I3C_Target_cmake/stm32c5xx_drivers/hal/stm32c5xx_hal_cortex.c:617:6:HAL_CORTEX_SYSTICK_Resume	8	static
/home/gil/Documents/GitHub/C562RE_Book_First_Edition/I3C_Target/I3C_Target_cmake/stm32c5xx_drivers/hal/stm32c5xx_hal_cortex.c:625:6:HAL_CORTEX_SYSTICK_IRQHandler	8	static
/home/gil/Documents/GitHub/C562RE_Book_First_Edition/I3C_Target/I3C_Target_cmake/stm32c5xx_drivers/hal/stm32c5xx_hal_cortex.c:633:13:HAL_CORTEX_SYSTICK_Callback	4	static
/home/gil/Documents/GitHub/C562RE_Book_First_Edition/I3C_Target/I3C_Target_cmake/stm32c5xx_drivers/hal/stm32c5xx_hal_cortex.c:669:6:HAL_CORTEX_MPU_Enable	16	static
/home/gil/Documents/GitHub/C562RE_Book_First_Edition/I3C_Target/I3C_Target_cmake/stm32c5xx_drivers/hal/stm32c5xx_hal_cortex.c:681:6:HAL_CORTEX_MPU_Disable	8	static
/home/gil/Documents/GitHub/C562RE_Book_First_Edition/I3C_Target/I3C_Target_cmake/stm32c5xx_drivers/hal/stm32c5xx_hal_cortex.c:690:25:HAL_CORTEX_MPU_IsEnabled	4	static
/home/gil/Documents/GitHub/C562RE_Book_First_Edition/I3C_Target/I3C_Target_cmake/stm32c5xx_drivers/hal/stm32c5xx_hal_cortex.c:703:6:HAL_CORTEX_MPU_SetDeviceMemAttr	16	static
/home/gil/Documents/GitHub/C562RE_Book_First_Edition/I3C_Target/I3C_Target_cmake/stm32c5xx_drivers/hal/stm32c5xx_hal_cortex.c:717:34:HAL_CORTEX_MPU_GetDeviceMemAttr	24	static
/home/gil/Documents/GitHub/C562RE_Book_First_Edition/I3C_Target/I3C_Target_cmake/stm32c5xx_drivers/hal/stm32c5xx_hal_cortex.c:749:6:HAL_CORTEX_MPU_SetCacheMemAttr	16	static
/home/gil/Documents/GitHub/C562RE_Book_First_Edition/I3C_Target/I3C_Target_cmake/stm32c5xx_drivers/hal/stm32c5xx_hal_cortex.c:764:40:HAL_CORTEX_MPU_GetCacheMemAttr	24	static
/home/gil/Documents/GitHub/C562RE_Book_First_Edition/I3C_Target/I3C_Target_cmake/stm32c5xx_drivers/hal/stm32c5xx_hal_cortex.c:799:14:HAL_CORTEX_MPU_SetConfigRegion	16	static
/home/gil/Documents/GitHub/C562RE_Book_First_Edition/I3C_Target/I3C_Target_cmake/stm32c5xx_drivers/hal/stm32c5xx_hal_cortex.c:833:6:HAL_CORTEX_MPU_GetConfigRegion	16	static
/home/gil/Documents/GitHub/C562RE_Book_First_Edition/I3C_Target/I3C_Target_cmake/stm32c5xx_drivers/hal/stm32c5xx_hal_cortex.c:852:6:HAL_CORTEX_MPU_EnableRegion	16	static
/home/gil/Documents/GitHub/C562RE_Book_First_Edition/I3C_Target/I3C_Target_cmake/stm32c5xx_drivers/hal/stm32c5xx_hal_cortex.c:866:6:HAL_CORTEX_MPU_DisableRegion	16	static
/home/gil/Documents/GitHub/C562RE_Book_First_Edition/I3C_Target/I3C_Target_cmake/stm32c5xx_drivers/hal/stm32c5xx_hal_cortex.c:881:32:HAL_CORTEX_MPU_IsEnabledRegion	16	static
/home/gil/Documents/GitHub/C562RE_Book_First_Edition/I3C_Target/I3C_Target_cmake/stm32c5xx_drivers/hal/stm32c5xx_hal_cortex.c:908:6:HAL_CORTEX_SCB_GetInfo	16	static
/home/gil/Documents/GitHub/C562RE_Book_First_Edition/I3C_Target/I3C_Target_cmake/stm32c5xx_drivers/hal/stm32c5xx_hal_cortex.c:926:6:HAL_CORTEX_SCB_EnableHardFaultEscalation	16	static
/home/gil/Documents/GitHub/C562RE_Book_First_Edition/I3C_Target/I3C_Target_cmake/stm32c5xx_drivers/hal/stm32c5xx_hal_cortex.c:940:6:HAL_CORTEX_SCB_DisableHardFaultEscalation	16	static
