/home/gil/Documents/GitHub/C562RE_Book_First_Edition/I3C_Target/I3C_Target_cmake/stm32c5xx_drivers/ll/stm32c5xx_ll_system.h:93:26:LL_GetUID_Word0	4	static
/home/gil/Documents/GitHub/C562RE_Book_First_Edition/I3C_Target/I3C_Target_cmake/stm32c5xx_drivers/ll/stm32c5xx_ll_system.h:104:26:LL_GetUID_Word1	4	static
/home/gil/Documents/GitHub/C562RE_Book_First_Edition/I3C_Target/I3C_Target_cmake/stm32c5xx_drivers/ll/stm32c5xx_ll_system.h:115:26:LL_GetUID_Word2	4	static
/home/gil/Documents/GitHub/C562RE_Book_First_Edition/I3C_Target/I3C_Target_cmake/stm32c5xx_drivers/ll/stm32c5xx_ll_utils.h:105:22:LL_Delay_NoISR	24	static
/home/gil/Documents/GitHub/C562RE_Book_First_Edition/I3C_Target/I3C_Target_cmake/stm32c5xx_drivers/ll/stm32c5xx_ll_rcc.h:1998:26:LL_RCC_GetAHBPrescaler	4	static
/home/gil/Documents/GitHub/C562RE_Book_First_Edition/I3C_Target/I3C_Target_cmake/stm32c5xx_drivers/ll/stm32c5xx_ll_bus.h:631:22:LL_AHB1_GRP1_ForceReset	16	static
/home/gil/Documents/GitHub/C562RE_Book_First_Edition/I3C_Target/I3C_Target_cmake/stm32c5xx_drivers/ll/stm32c5xx_ll_bus.h:658:22:LL_AHB1_GRP1_ReleaseReset	16	static
/home/gil/Documents/GitHub/C562RE_Book_First_Edition/I3C_Target/I3C_Target_cmake/stm32c5xx_drivers/ll/stm32c5xx_ll_bus.h:1076:22:LL_AHB2_GRP1_ForceReset	16	static
/home/gil/Documents/GitHub/C562RE_Book_First_Edition/I3C_Target/I3C_Target_cmake/stm32c5xx_drivers/ll/stm32c5xx_ll_bus.h:1137:22:LL_AHB2_GRP1_ReleaseReset	16	static
/home/gil/Documents/GitHub/C562RE_Book_First_Edition/I3C_Target/I3C_Target_cmake/stm32c5xx_drivers/ll/stm32c5xx_ll_bus.h:1814:22:LL_APB1_GRP1_ForceReset	16	static
/home/gil/Documents/GitHub/C562RE_Book_First_Edition/I3C_Target/I3C_Target_cmake/stm32c5xx_drivers/ll/stm32c5xx_ll_bus.h:1883:22:LL_APB1_GRP1_ReleaseReset	16	static
/home/gil/Documents/GitHub/C562RE_Book_First_Edition/I3C_Target/I3C_Target_cmake/stm32c5xx_drivers/ll/stm32c5xx_ll_bus.h:2185:22:LL_APB1_GRP2_ForceReset	16	static
/home/gil/Documents/GitHub/C562RE_Book_First_Edition/I3C_Target/I3C_Target_cmake/stm32c5xx_drivers/ll/stm32c5xx_ll_bus.h:2204:22:LL_APB1_GRP2_ReleaseReset	16	static
/home/gil/Documents/GitHub/C562RE_Book_First_Edition/I3C_Target/I3C_Target_cmake/stm32c5xx_drivers/ll/stm32c5xx_ll_bus.h:2451:22:LL_APB2_GRP1_ForceReset	16	static
/home/gil/Documents/GitHub/C562RE_Book_First_Edition/I3C_Target/I3C_Target_cmake/stm32c5xx_drivers/ll/stm32c5xx_ll_bus.h:2486:22:LL_APB2_GRP1_ReleaseReset	16	static
/home/gil/Documents/GitHub/C562RE_Book_First_Edition/I3C_Target/I3C_Target_cmake/stm32c5xx_drivers/ll/stm32c5xx_ll_bus.h:2716:22:LL_APB3_GRP1_ForceReset	16	static
/home/gil/Documents/GitHub/C562RE_Book_First_Edition/I3C_Target/I3C_Target_cmake/stm32c5xx_drivers/ll/stm32c5xx_ll_bus.h:2733:22:LL_APB3_GRP1_ReleaseReset	16	static
/home/gil/Documents/GitHub/C562RE_Book_First_Edition/I3C_Target/I3C_Target_cmake/stm32c5xx_drivers/ll/stm32c5xx_ll_flash.h:602:22:LL_FLASH_EnablePrefetch	16	static
/home/gil/Documents/GitHub/C562RE_Book_First_Edition/I3C_Target/I3C_Target_cmake/stm32c5xx_drivers/hal/stm32c5xx_hal.c:207:14:HAL_Init	16	static
/home/gil/Documents/GitHub/C562RE_Book_First_Edition/I3C_Target/I3C_Target_cmake/stm32c5xx_drivers/hal/stm32c5xx_hal.c:231:14:HAL_DeInit	8	static
/home/gil/Documents/GitHub/C562RE_Book_First_Edition/I3C_Target/I3C_Target_cmake/stm32c5xx_drivers/hal/stm32c5xx_hal.c:274:21:HAL_InitTick	24	static
/home/gil/Documents/GitHub/C562RE_Book_First_Edition/I3C_Target/I3C_Target_cmake/stm32c5xx_drivers/hal/stm32c5xx_hal.c:306:14:HAL_UpdateCoreClock	8	static
/home/gil/Documents/GitHub/C562RE_Book_First_Edition/I3C_Target/I3C_Target_cmake/stm32c5xx_drivers/hal/stm32c5xx_hal.c:342:13:HAL_IncTick	4	static
/home/gil/Documents/GitHub/C562RE_Book_First_Edition/I3C_Target/I3C_Target_cmake/stm32c5xx_drivers/hal/stm32c5xx_hal.c:353:17:HAL_GetTick	4	static
/home/gil/Documents/GitHub/C562RE_Book_First_Edition/I3C_Target/I3C_Target_cmake/stm32c5xx_drivers/hal/stm32c5xx_hal.c:362:10:HAL_GetTickPrio	4	static
/home/gil/Documents/GitHub/C562RE_Book_First_Edition/I3C_Target/I3C_Target_cmake/stm32c5xx_drivers/hal/stm32c5xx_hal.c:371:17:HAL_GetTickFreq	4	static
/home/gil/Documents/GitHub/C562RE_Book_First_Edition/I3C_Target/I3C_Target_cmake/stm32c5xx_drivers/hal/stm32c5xx_hal.c:385:13:HAL_Delay	24	static
/home/gil/Documents/GitHub/C562RE_Book_First_Edition/I3C_Target/I3C_Target_cmake/stm32c5xx_drivers/hal/stm32c5xx_hal.c:412:13:HAL_Delay_NoISR	16	static
/home/gil/Documents/GitHub/C562RE_Book_First_Edition/I3C_Target/I3C_Target_cmake/stm32c5xx_drivers/hal/stm32c5xx_hal.c:426:13:HAL_SuspendTick	8	static
/home/gil/Documents/GitHub/C562RE_Book_First_Edition/I3C_Target/I3C_Target_cmake/stm32c5xx_drivers/hal/stm32c5xx_hal.c:440:13:HAL_ResumeTick	8	static
/home/gil/Documents/GitHub/C562RE_Book_First_Edition/I3C_Target/I3C_Target_cmake/stm32c5xx_drivers/hal/stm32c5xx_hal.c:459:10:HAL_GetVersion	4	static
/home/gil/Documents/GitHub/C562RE_Book_First_Edition/I3C_Target/I3C_Target_cmake/stm32c5xx_drivers/hal/stm32c5xx_hal.c:480:14:HAL_GetDeviceUniqueID	16	static
