/home/gil/Documents/GitHub/C562RE_Book_First_Edition/I3C_Target/I3C_Target_cmake/stm32c5xx_dfp/Include/stm32c5xx.h:263:22:SCB_EnableDeepSleep	4	static
/home/gil/Documents/GitHub/C562RE_Book_First_Edition/I3C_Target/I3C_Target_cmake/stm32c5xx_dfp/Include/stm32c5xx.h:273:22:SCB_DisableDeepSleep	4	static
/home/gil/Documents/GitHub/C562RE_Book_First_Edition/I3C_Target/I3C_Target_cmake/stm32c5xx_dfp/Include/stm32c5xx.h:283:26:SCB_IsEnabledDeepSleep	4	static
/home/gil/Documents/GitHub/C562RE_Book_First_Edition/I3C_Target/I3C_Target_cmake/stm32c5xx_dfp/Include/stm32c5xx.h:294:22:SCB_EnableSleepOnExit	4	static
/home/gil/Documents/GitHub/C562RE_Book_First_Edition/I3C_Target/I3C_Target_cmake/stm32c5xx_dfp/Include/stm32c5xx.h:304:22:SCB_DisableSleepOnExit	4	static
/home/gil/Documents/GitHub/C562RE_Book_First_Edition/I3C_Target/I3C_Target_cmake/stm32c5xx_dfp/Include/stm32c5xx.h:314:26:SCB_IsEnabledSleepOnExit	4	static
/home/gil/Documents/GitHub/C562RE_Book_First_Edition/I3C_Target/I3C_Target_cmake/stm32c5xx_dfp/Include/stm32c5xx.h:324:22:SCB_EnableEventOnPend	4	static
/home/gil/Documents/GitHub/C562RE_Book_First_Edition/I3C_Target/I3C_Target_cmake/stm32c5xx_dfp/Include/stm32c5xx.h:335:22:SCB_DisableEventOnPend	4	static
/home/gil/Documents/GitHub/C562RE_Book_First_Edition/I3C_Target/I3C_Target_cmake/stm32c5xx_dfp/Include/stm32c5xx.h:346:26:SCB_IsEnabledEventOnPend	4	static
/home/gil/Documents/GitHub/C562RE_Book_First_Edition/I3C_Target/I3C_Target_cmake/stm32c5xx_drivers/ll/stm32c5xx_ll_pwr.h:252:22:LL_PWR_SetPowerMode	16	static
/home/gil/Documents/GitHub/C562RE_Book_First_Edition/I3C_Target/I3C_Target_cmake/stm32c5xx_drivers/ll/stm32c5xx_ll_pwr.h:266:26:LL_PWR_GetPowerMode	4	static
/home/gil/Documents/GitHub/C562RE_Book_First_Edition/I3C_Target/I3C_Target_cmake/stm32c5xx_drivers/ll/stm32c5xx_ll_pwr.h:276:22:LL_PWR_EnableFlashLowPWRMode	4	static
/home/gil/Documents/GitHub/C562RE_Book_First_Edition/I3C_Target/I3C_Target_cmake/stm32c5xx_drivers/ll/stm32c5xx_ll_pwr.h:286:22:LL_PWR_DisableFlashLowPWRMode	4	static
/home/gil/Documents/GitHub/C562RE_Book_First_Edition/I3C_Target/I3C_Target_cmake/stm32c5xx_drivers/ll/stm32c5xx_ll_pwr.h:297:26:LL_PWR_IsEnabledFlashLowPWRMode	4	static
/home/gil/Documents/GitHub/C562RE_Book_First_Edition/I3C_Target/I3C_Target_cmake/stm32c5xx_drivers/ll/stm32c5xx_ll_pwr.h:320:22:LL_PWR_EnableMemoryStopRetention	16	static
/home/gil/Documents/GitHub/C562RE_Book_First_Edition/I3C_Target/I3C_Target_cmake/stm32c5xx_drivers/ll/stm32c5xx_ll_pwr.h:343:22:LL_PWR_DisableMemoryStopRetention	16	static
/home/gil/Documents/GitHub/C562RE_Book_First_Edition/I3C_Target/I3C_Target_cmake/stm32c5xx_drivers/ll/stm32c5xx_ll_pwr.h:367:26:LL_PWR_IsEnabledMemoryStopRetention	16	static
/home/gil/Documents/GitHub/C562RE_Book_First_Edition/I3C_Target/I3C_Target_cmake/stm32c5xx_drivers/ll/stm32c5xx_ll_pwr.h:418:22:LL_PWR_EnableSRAM2PagesStopRetention	16	static
/home/gil/Documents/GitHub/C562RE_Book_First_Edition/I3C_Target/I3C_Target_cmake/stm32c5xx_drivers/ll/stm32c5xx_ll_pwr.h:468:22:LL_PWR_DisableSRAM2PagesStopRetention	16	static
/home/gil/Documents/GitHub/C562RE_Book_First_Edition/I3C_Target/I3C_Target_cmake/stm32c5xx_drivers/ll/stm32c5xx_ll_pwr.h:528:26:LL_PWR_IsEnabledSRAM2PagesStopRetention	16	static
/home/gil/Documents/GitHub/C562RE_Book_First_Edition/I3C_Target/I3C_Target_cmake/stm32c5xx_drivers/ll/stm32c5xx_ll_pwr.h:539:22:LL_PWR_EnableRTCDomainWriteProtection	4	static
/home/gil/Documents/GitHub/C562RE_Book_First_Edition/I3C_Target/I3C_Target_cmake/stm32c5xx_drivers/ll/stm32c5xx_ll_pwr.h:549:22:LL_PWR_DisableRTCDomainWriteProtection	4	static
/home/gil/Documents/GitHub/C562RE_Book_First_Edition/I3C_Target/I3C_Target_cmake/stm32c5xx_drivers/ll/stm32c5xx_ll_pwr.h:560:26:LL_PWR_IsEnabledRTCDomainWriteProtection	4	static
/home/gil/Documents/GitHub/C562RE_Book_First_Edition/I3C_Target/I3C_Target_cmake/stm32c5xx_drivers/ll/stm32c5xx_ll_pwr.h:570:22:LL_PWR_EnablePVD	4	static
/home/gil/Documents/GitHub/C562RE_Book_First_Edition/I3C_Target/I3C_Target_cmake/stm32c5xx_drivers/ll/stm32c5xx_ll_pwr.h:580:22:LL_PWR_DisablePVD	4	static
/home/gil/Documents/GitHub/C562RE_Book_First_Edition/I3C_Target/I3C_Target_cmake/stm32c5xx_drivers/ll/stm32c5xx_ll_pwr.h:591:26:LL_PWR_IsEnabledPVD	4	static
/home/gil/Documents/GitHub/C562RE_Book_First_Edition/I3C_Target/I3C_Target_cmake/stm32c5xx_drivers/ll/stm32c5xx_ll_pwr.h:692:22:LL_PWR_EnableWakeUpPin	16	static
/home/gil/Documents/GitHub/C562RE_Book_First_Edition/I3C_Target/I3C_Target_cmake/stm32c5xx_drivers/ll/stm32c5xx_ll_pwr.h:792:22:LL_PWR_DisableWakeUpPin	16	static
/home/gil/Documents/GitHub/C562RE_Book_First_Edition/I3C_Target/I3C_Target_cmake/stm32c5xx_drivers/ll/stm32c5xx_ll_pwr.h:900:26:LL_PWR_IsEnabledWakeUpPin	16	static
/home/gil/Documents/GitHub/C562RE_Book_First_Edition/I3C_Target/I3C_Target_cmake/stm32c5xx_drivers/ll/stm32c5xx_ll_pwr.h:1973:26:LL_PWR_IsEnabledIORetentionStandbyMode	4	static
/home/gil/Documents/GitHub/C562RE_Book_First_Edition/I3C_Target/I3C_Target_cmake/stm32c5xx_drivers/ll/stm32c5xx_ll_pwr.h:2004:26:LL_PWR_IsEnabledJTAGIORetentionStandbyMode	4	static
/home/gil/Documents/GitHub/C562RE_Book_First_Edition/I3C_Target/I3C_Target_cmake/stm32c5xx_drivers/ll/stm32c5xx_ll_pwr.h:2022:26:LL_PWR_IsActiveFlag_SB	4	static
/home/gil/Documents/GitHub/C562RE_Book_First_Edition/I3C_Target/I3C_Target_cmake/stm32c5xx_drivers/ll/stm32c5xx_ll_pwr.h:2033:26:LL_PWR_IsActiveFlag_STOP	4	static
/home/gil/Documents/GitHub/C562RE_Book_First_Edition/I3C_Target/I3C_Target_cmake/stm32c5xx_drivers/ll/stm32c5xx_ll_pwr.h:2044:26:LL_PWR_IsActiveFlag_PVDO	4	static
/home/gil/Documents/GitHub/C562RE_Book_First_Edition/I3C_Target/I3C_Target_cmake/stm32c5xx_drivers/ll/stm32c5xx_ll_pwr.h:2187:22:LL_PWR_ClearFlag_SB	4	static
/home/gil/Documents/GitHub/C562RE_Book_First_Edition/I3C_Target/I3C_Target_cmake/stm32c5xx_drivers/ll/stm32c5xx_ll_pwr.h:2301:22:LL_PWR_ClearFlag_WU	16	static
/home/gil/Documents/GitHub/C562RE_Book_First_Edition/I3C_Target/I3C_Target_cmake/stm32c5xx_drivers/ll/stm32c5xx_ll_pwr.h:2322:22:LL_PWR_SetPrivAttr	16	static
/home/gil/Documents/GitHub/C562RE_Book_First_Edition/I3C_Target/I3C_Target_cmake/stm32c5xx_drivers/ll/stm32c5xx_ll_pwr.h:2337:26:LL_PWR_GetPrivAttr	16	static
/home/gil/Documents/GitHub/C562RE_Book_First_Edition/I3C_Target/I3C_Target_cmake/stm32c5xx_drivers/hal/stm32c5xx_hal_pwr.c:334:14:HAL_PWR_LP_SetConfigWakeupPin	56	static,ignoring_inline_asm
/home/gil/Documents/GitHub/C562RE_Book_First_Edition/I3C_Target/I3C_Target_cmake/stm32c5xx_drivers/hal/stm32c5xx_hal_pwr.c:395:6:HAL_PWR_LP_GetConfigWakeupPin	72	static,ignoring_inline_asm
/home/gil/Documents/GitHub/C562RE_Book_First_Edition/I3C_Target/I3C_Target_cmake/stm32c5xx_drivers/hal/stm32c5xx_hal_pwr.c:432:6:HAL_PWR_LP_EnableWakeupPin	16	static
/home/gil/Documents/GitHub/C562RE_Book_First_Edition/I3C_Target/I3C_Target_cmake/stm32c5xx_drivers/hal/stm32c5xx_hal_pwr.c:453:6:HAL_PWR_LP_DisableWakeupPin	16	static
/home/gil/Documents/GitHub/C562RE_Book_First_Edition/I3C_Target/I3C_Target_cmake/stm32c5xx_drivers/hal/stm32c5xx_hal_pwr.c:475:29:HAL_PWR_LP_IsEnabledWakeupPin	16	static
/home/gil/Documents/GitHub/C562RE_Book_First_Edition/I3C_Target/I3C_Target_cmake/stm32c5xx_drivers/hal/stm32c5xx_hal_pwr.c:496:10:HAL_PWR_LP_GetWakeupSource	4	static
/home/gil/Documents/GitHub/C562RE_Book_First_Edition/I3C_Target/I3C_Target_cmake/stm32c5xx_drivers/hal/stm32c5xx_hal_pwr.c:514:6:HAL_PWR_LP_CleanWakeupSource	16	static
/home/gil/Documents/GitHub/C562RE_Book_First_Edition/I3C_Target/I3C_Target_cmake/stm32c5xx_drivers/hal/stm32c5xx_hal_pwr.c:537:6:HAL_PWR_EnableRTCDomainWriteProtection	8	static
/home/gil/Documents/GitHub/C562RE_Book_First_Edition/I3C_Target/I3C_Target_cmake/stm32c5xx_drivers/hal/stm32c5xx_hal_pwr.c:546:6:HAL_PWR_DisableRTCDomainWriteProtection	8	static
/home/gil/Documents/GitHub/C562RE_Book_First_Edition/I3C_Target/I3C_Target_cmake/stm32c5xx_drivers/hal/stm32c5xx_hal_pwr.c:557:33:HAL_PWR_IsEnabledRTCDomainWriteProtection	8	static
/home/gil/Documents/GitHub/C562RE_Book_First_Edition/I3C_Target/I3C_Target_cmake/stm32c5xx_drivers/hal/stm32c5xx_hal_pwr.c:590:6:HAL_PWR_ClearCorePendingEvent	4	static,ignoring_inline_asm
/home/gil/Documents/GitHub/C562RE_Book_First_Edition/I3C_Target/I3C_Target_cmake/stm32c5xx_drivers/hal/stm32c5xx_hal_pwr.c:600:6:HAL_PWR_EnterSleepMode	16	static,ignoring_inline_asm
/home/gil/Documents/GitHub/C562RE_Book_First_Edition/I3C_Target/I3C_Target_cmake/stm32c5xx_drivers/hal/stm32c5xx_hal_pwr.c:627:6:HAL_PWR_EnterStopMode	16	static,ignoring_inline_asm
/home/gil/Documents/GitHub/C562RE_Book_First_Edition/I3C_Target/I3C_Target_cmake/stm32c5xx_drivers/hal/stm32c5xx_hal_pwr.c:658:6:HAL_PWR_EnterStandbyMode	8	static,ignoring_inline_asm
/home/gil/Documents/GitHub/C562RE_Book_First_Edition/I3C_Target/I3C_Target_cmake/stm32c5xx_drivers/hal/stm32c5xx_hal_pwr.c:676:6:HAL_PWR_SetCoreSleepMode	16	static
/home/gil/Documents/GitHub/C562RE_Book_First_Edition/I3C_Target/I3C_Target_cmake/stm32c5xx_drivers/hal/stm32c5xx_hal_pwr.c:695:27:HAL_PWR_GetCoreSleepMode	8	static
/home/gil/Documents/GitHub/C562RE_Book_First_Edition/I3C_Target/I3C_Target_cmake/stm32c5xx_drivers/hal/stm32c5xx_hal_pwr.c:703:6:HAL_PWR_EnableCoreSleepOnExit	8	static
/home/gil/Documents/GitHub/C562RE_Book_First_Edition/I3C_Target/I3C_Target_cmake/stm32c5xx_drivers/hal/stm32c5xx_hal_pwr.c:711:6:HAL_PWR_DisableCoreSleepOnExit	8	static
/home/gil/Documents/GitHub/C562RE_Book_First_Edition/I3C_Target/I3C_Target_cmake/stm32c5xx_drivers/hal/stm32c5xx_hal_pwr.c:720:37:HAL_PWR_IsEnabledCoreSleepOnExit	8	static
/home/gil/Documents/GitHub/C562RE_Book_First_Edition/I3C_Target/I3C_Target_cmake/stm32c5xx_drivers/hal/stm32c5xx_hal_pwr.c:728:6:HAL_PWR_EnableCoreSendEventOnPending	8	static
/home/gil/Documents/GitHub/C562RE_Book_First_Edition/I3C_Target/I3C_Target_cmake/stm32c5xx_drivers/hal/stm32c5xx_hal_pwr.c:736:6:HAL_PWR_DisableCoreSendEventOnPending	8	static
/home/gil/Documents/GitHub/C562RE_Book_First_Edition/I3C_Target/I3C_Target_cmake/stm32c5xx_drivers/hal/stm32c5xx_hal_pwr.c:746:38:HAL_PWR_IsEnabledCoreSendEventOnPending	8	static
/home/gil/Documents/GitHub/C562RE_Book_First_Edition/I3C_Target/I3C_Target_cmake/stm32c5xx_drivers/hal/stm32c5xx_hal_pwr.c:759:23:HAL_PWR_GetPreviousSystemPowerMode	16	static
/home/gil/Documents/GitHub/C562RE_Book_First_Edition/I3C_Target/I3C_Target_cmake/stm32c5xx_drivers/hal/stm32c5xx_hal_pwr.c:794:6:HAL_PWR_CleanPreviousSystemPowerMode	8	static
/home/gil/Documents/GitHub/C562RE_Book_First_Edition/I3C_Target/I3C_Target_cmake/stm32c5xx_drivers/hal/stm32c5xx_hal_pwr.c:815:6:HAL_PWR_EnableProgrammableVoltageDetector	8	static
/home/gil/Documents/GitHub/C562RE_Book_First_Edition/I3C_Target/I3C_Target_cmake/stm32c5xx_drivers/hal/stm32c5xx_hal_pwr.c:823:6:HAL_PWR_DisableProgrammableVoltageDetector	8	static
/home/gil/Documents/GitHub/C562RE_Book_First_Edition/I3C_Target/I3C_Target_cmake/stm32c5xx_drivers/hal/stm32c5xx_hal_pwr.c:833:22:HAL_PWR_IsEnabledProgrammableVoltageDetector	8	static
/home/gil/Documents/GitHub/C562RE_Book_First_Edition/I3C_Target/I3C_Target_cmake/stm32c5xx_drivers/hal/stm32c5xx_hal_pwr.c:843:19:HAL_PWR_GetProgrammableVoltageDetectorOutput	8	static
/home/gil/Documents/GitHub/C562RE_Book_First_Edition/I3C_Target/I3C_Target_cmake/stm32c5xx_drivers/hal/stm32c5xx_hal_pwr.c:871:14:HAL_PWR_LP_EnableMemoryRetention	16	static
/home/gil/Documents/GitHub/C562RE_Book_First_Edition/I3C_Target/I3C_Target_cmake/stm32c5xx_drivers/hal/stm32c5xx_hal_pwr.c:907:14:HAL_PWR_LP_DisableMemoryRetention	16	static
/home/gil/Documents/GitHub/C562RE_Book_First_Edition/I3C_Target/I3C_Target_cmake/stm32c5xx_drivers/hal/stm32c5xx_hal_pwr.c:944:35:HAL_PWR_LP_IsEnabledMemoryRetention	16	static
/home/gil/Documents/GitHub/C562RE_Book_First_Edition/I3C_Target/I3C_Target_cmake/stm32c5xx_drivers/hal/stm32c5xx_hal_pwr.c:983:14:HAL_PWR_LP_EnableMemoryPageRetention	40	static
/home/gil/Documents/GitHub/C562RE_Book_First_Edition/I3C_Target/I3C_Target_cmake/stm32c5xx_drivers/hal/stm32c5xx_hal_pwr.c:1070:14:HAL_PWR_LP_DisableMemoryPageRetention	40	static
/home/gil/Documents/GitHub/C562RE_Book_First_Edition/I3C_Target/I3C_Target_cmake/stm32c5xx_drivers/hal/stm32c5xx_hal_pwr.c:1157:40:HAL_PWR_LP_IsEnabledMemoryPageRetention	24	static
/home/gil/Documents/GitHub/C562RE_Book_First_Edition/I3C_Target/I3C_Target_cmake/stm32c5xx_drivers/hal/stm32c5xx_hal_pwr.c:1235:6:HAL_PWR_LP_EnableFlashLowPWRMode	8	static
/home/gil/Documents/GitHub/C562RE_Book_First_Edition/I3C_Target/I3C_Target_cmake/stm32c5xx_drivers/hal/stm32c5xx_hal_pwr.c:1243:6:HAL_PWR_LP_DisableFlashLowPWRMode	8	static
/home/gil/Documents/GitHub/C562RE_Book_First_Edition/I3C_Target/I3C_Target_cmake/stm32c5xx_drivers/hal/stm32c5xx_hal_pwr.c:1252:37:HAL_PWR_LP_IsEnabledFlashLowPWRMode	8	static
/home/gil/Documents/GitHub/C562RE_Book_First_Edition/I3C_Target/I3C_Target_cmake/stm32c5xx_drivers/hal/stm32c5xx_hal_pwr.c:1278:6:HAL_PWR_LP_EnableIORetention	16	static
/home/gil/Documents/GitHub/C562RE_Book_First_Edition/I3C_Target/I3C_Target_cmake/stm32c5xx_drivers/hal/stm32c5xx_hal_pwr.c:1294:6:HAL_PWR_LP_DisableIORetention	16	static
/home/gil/Documents/GitHub/C562RE_Book_First_Edition/I3C_Target/I3C_Target_cmake/stm32c5xx_drivers/hal/stm32c5xx_hal_pwr.c:1310:31:HAL_PWR_LP_IsEnabledIORetention	24	static
/home/gil/Documents/GitHub/C562RE_Book_First_Edition/I3C_Target/I3C_Target_cmake/stm32c5xx_drivers/hal/stm32c5xx_hal_pwr.c:1347:14:HAL_PWR_SetPrivAttr	24	static,ignoring_inline_asm
/home/gil/Documents/GitHub/C562RE_Book_First_Edition/I3C_Target/I3C_Target_cmake/stm32c5xx_drivers/hal/stm32c5xx_hal_pwr.c:1366:21:HAL_PWR_GetPrivAttr	16	static
