/home/gil/Documents/GitHub/C562RE_Book_First_Edition/I3C_Target/I3C_Target_cmake/stm32c5xx_drivers/ll/stm32c5xx_ll_bus.h:878:22:LL_AHB2_GRP1_EnableClock	48	static,ignoring_inline_asm
/home/gil/Documents/GitHub/C562RE_Book_First_Edition/I3C_Target/I3C_Target_cmake/stm32c5xx_drivers/ll/stm32c5xx_ll_bus.h:1586:22:LL_APB1_GRP1_EnableClock	48	static,ignoring_inline_asm
/home/gil/Documents/GitHub/C562RE_Book_First_Edition/I3C_Target/I3C_Target_cmake/stm32c5xx_drivers/ll/stm32c5xx_ll_bus.h:1745:22:LL_APB1_GRP1_DisableClock	40	static,ignoring_inline_asm
/home/gil/Documents/GitHub/C562RE_Book_First_Edition/I3C_Target/I3C_Target_cmake/stm32c5xx_drivers/ll/stm32c5xx_ll_bus.h:1814:22:LL_APB1_GRP1_ForceReset	16	static
/home/gil/Documents/GitHub/C562RE_Book_First_Edition/I3C_Target/I3C_Target_cmake/stm32c5xx_drivers/ll/stm32c5xx_ll_bus.h:1883:22:LL_APB1_GRP1_ReleaseReset	16	static
/home/gil/Documents/GitHub/C562RE_Book_First_Edition/I3C_Target/I3C_Target_cmake/stm32c5xx_drivers/hal/stm32c5xx_hal_rcc.h:1355:22:HAL_RCC_GPIOA_EnableClock	8	static
/home/gil/Documents/GitHub/C562RE_Book_First_Edition/I3C_Target/I3C_Target_cmake/stm32c5xx_drivers/hal/stm32c5xx_hal_rcc.h:1848:22:HAL_RCC_I3C1_EnableClock	8	static
/home/gil/Documents/GitHub/C562RE_Book_First_Edition/I3C_Target/I3C_Target_cmake/stm32c5xx_drivers/hal/stm32c5xx_hal_rcc.h:2046:22:HAL_RCC_I3C1_DisableClock	8	static
/home/gil/Documents/GitHub/C562RE_Book_First_Edition/I3C_Target/I3C_Target_cmake/stm32c5xx_drivers/hal/stm32c5xx_hal_rcc.h:3520:22:HAL_RCC_I3C1_Reset	8	static
/home/gil/Documents/GitHub/C562RE_Book_First_Edition/I3C_Target/I3C_Target_cmake/generated/hal/mx_i3c1.c:32:19:mx_i3c1_init	32	static
/home/gil/Documents/GitHub/C562RE_Book_First_Edition/I3C_Target/I3C_Target_cmake/generated/hal/mx_i3c1.c:99:6:mx_i3c1_deinit	8	static
/home/gil/Documents/GitHub/C562RE_Book_First_Edition/I3C_Target/I3C_Target_cmake/generated/hal/mx_i3c1.c:117:19:mx_i3c1_gethandle	4	static
/home/gil/Documents/GitHub/C562RE_Book_First_Edition/I3C_Target/I3C_Target_cmake/generated/hal/mx_i3c1.c:125:6:I3C1_EV_IRQHandler	8	static
/home/gil/Documents/GitHub/C562RE_Book_First_Edition/I3C_Target/I3C_Target_cmake/generated/hal/mx_i3c1.c:133:6:I3C1_ERR_IRQHandler	8	static
