/home/gil/Documents/GitHub/C562RE_Book_First_Edition/I3C_Target/I3C_Target_cmake/stm32c5xx_drivers/ll/stm32c5xx_ll_bus.h:1586:22:LL_APB1_GRP1_EnableClock	48	static,ignoring_inline_asm
/home/gil/Documents/GitHub/C562RE_Book_First_Edition/I3C_Target/I3C_Target_cmake/stm32c5xx_drivers/ll/stm32c5xx_ll_bus.h:1745:22:LL_APB1_GRP1_DisableClock	40	static,ignoring_inline_asm
/home/gil/Documents/GitHub/C562RE_Book_First_Edition/I3C_Target/I3C_Target_cmake/stm32c5xx_drivers/ll/stm32c5xx_ll_bus.h:1814:22:LL_APB1_GRP1_ForceReset	16	static
/home/gil/Documents/GitHub/C562RE_Book_First_Edition/I3C_Target/I3C_Target_cmake/stm32c5xx_drivers/ll/stm32c5xx_ll_bus.h:1883:22:LL_APB1_GRP1_ReleaseReset	16	static
/home/gil/Documents/GitHub/C562RE_Book_First_Edition/I3C_Target/I3C_Target_cmake/stm32c5xx_drivers/hal/stm32c5xx_hal_rcc.h:1752:22:HAL_RCC_TIM12_EnableClock	8	static
/home/gil/Documents/GitHub/C562RE_Book_First_Edition/I3C_Target/I3C_Target_cmake/stm32c5xx_drivers/hal/stm32c5xx_hal_rcc.h:1958:22:HAL_RCC_TIM12_DisableClock	8	static
/home/gil/Documents/GitHub/C562RE_Book_First_Edition/I3C_Target/I3C_Target_cmake/stm32c5xx_drivers/hal/stm32c5xx_hal_rcc.h:3424:22:HAL_RCC_TIM12_Reset	8	static
/home/gil/Documents/GitHub/C562RE_Book_First_Edition/I3C_Target/I3C_Target_cmake/generated/hal/mx_tim12.c:33:19:mx_tim12_init	32	static
/home/gil/Documents/GitHub/C562RE_Book_First_Edition/I3C_Target/I3C_Target_cmake/generated/hal/mx_tim12.c:87:6:mx_tim12_deinit	8	static
/home/gil/Documents/GitHub/C562RE_Book_First_Edition/I3C_Target/I3C_Target_cmake/generated/hal/mx_tim12.c:100:19:mx_tim12_gethandle	4	static
/home/gil/Documents/GitHub/C562RE_Book_First_Edition/I3C_Target/I3C_Target_cmake/generated/hal/mx_tim12.c:108:6:TIM12_IRQHandler	8	static
